// Jest Snapshot v1, https://goo.gl/fbAQLP

exports[`AdditionalInfo Component Matches the snapshot 1`] = `
<View
  style={
    Object {
      "marginTop": 88,
    }
  }
>
  <Text
    ellipsizeMode="tail"
    numberOfLines={2}
  />
</View>
`;
