// Jest Snapshot v1, https://goo.gl/fbAQLP

exports[`ErrorComponent renders correctly 1`] = `
<View
  accessibilityIgnoresInvertColors={true}
  style={
    Object {
      "alignItems": "center",
      "justifyContent": "center",
      "maxHeight": 210,
      "maxWidth": 600,
      "minHeight": 180,
      "minWidth": 500,
      "position": "absolute",
      "right": 24,
      "top": 24,
    }
  }
>
  <Image
    source={
      Object {
        "uri": "",
      }
    }
    style={
      Array [
        Object {
          "bottom": 0,
          "left": 0,
          "position": "absolute",
          "right": 0,
          "top": 0,
        },
        Object {
          "height": undefined,
          "width": undefined,
        },
        undefined,
      ]
    }
  />
  <Text
    ellipsizeMode="tail"
    numberOfLines={2}
    style={
      Object {
        "color": "#fff",
        "fontSize": 41,
        "fontWeight": "normal",
      }
    }
  />
</View>
`;
