// Jest Snapshot v1, https://goo.gl/fbAQLP

exports[`ErrorMessage renders correctly 1`] = `
<View
  style={
    Object {
      "marginTop": "8%",
    }
  }
>
  <Text>
    
  </Text>
</View>
`;
