// Jest Snapshot v1, https://goo.gl/fbAQLP

exports[`Input renders correctly 1`] = `
<View
  accessibilityIgnoresInvertColors={true}
  style={
    Object {
      "marginBottom": 15,
    }
  }
>
  <Image
    source={
      Object {
        "uri": "",
      }
    }
    style={
      Array [
        Object {
          "bottom": 0,
          "left": 0,
          "position": "absolute",
          "right": 0,
          "top": 0,
        },
        Object {
          "height": undefined,
          "width": undefined,
        },
        undefined,
      ]
    }
  />
  <TextInput
    allowFontScaling={true}
    onFocus={[Function]}
    placeholder=""
    rejectResponderTermination={true}
    secureTextEntry={false}
    style={
      Object {
        "padding": 20,
      }
    }
    underlineColorAndroid="transparent"
    value=""
  />
</View>
`;
