// Jest Snapshot v1, https://goo.gl/fbAQLP

exports[`Layout renders correctly 1`] = `
<View
  accessibilityIgnoresInvertColors={true}
  style={
    Object {
      "alignItems": "center",
      "backgroundColor": "",
      "flex": 1,
      "height": "100%",
      "width": "100%",
    }
  }
>
  <Image
    source={
      Object {
        "uri": "",
      }
    }
    style={
      Array [
        Object {
          "bottom": 0,
          "left": 0,
          "position": "absolute",
          "right": 0,
          "top": 0,
        },
        Object {
          "height": "100%",
          "width": "100%",
        },
        undefined,
      ]
    }
  />
  <View
    style={
      Object {
        "alignSelf": "flex-start",
        "marginBottom": "5.2%",
        "marginLeft": "2.6%",
        "marginTop": "5.2%",
      }
    }
  >
    <Image
      resizeMode="contain"
      source={
        Object {
          "uri": undefined,
        }
      }
      style={
        Object {
          "height": 100,
          "width": 350,
        }
      }
    />
  </View>
  <View
    style={
      Object {
        "alignItems": "center",
        "flex": 1,
        "justifyContent": "center",
        "paddingLeft": "12%",
        "paddingRight": "12%",
        "width": "100%",
      }
    }
  />
</View>
`;
