// Jest Snapshot v1, https://goo.gl/fbAQLP

exports[`LoginForm renders correctly 1`] = `
<RCTSafeAreaView
  emulateUnlessSupported={true}
>
  <View
    style={
      Object {
        "alignItems": "center",
        "justifyContent": "center",
        "marginBottom": "7%",
        "minHeight": "6%",
        "minWidth": "31.8%",
      }
    }
  >
    <View
      accessibilityIgnoresInvertColors={true}
      style={
        Object {
          "alignItems": "center",
          "color": undefined,
          "fontSize": NaN,
          "justifyContent": "center",
          "marginBottom": 15,
          "minHeight": 100,
          "minWidth": 610,
        }
      }
    >
      <Image
        source={
          Object {
            "uri": "login_username_input_field_asset.png",
          }
        }
        style={
          Array [
            Object {
              "bottom": 0,
              "left": 0,
              "position": "absolute",
              "right": 0,
              "top": 0,
            },
            Object {
              "height": undefined,
              "width": undefined,
            },
            undefined,
          ]
        }
      />
      <TextInput
        allowFontScaling={true}
        onChangeText={[Function]}
        onFocus={[Function]}
        placeholder=""
        rejectResponderTermination={true}
        secureTextEntry={false}
        style={
          Object {
            "alignItems": "center",
            "color": undefined,
            "fontSize": NaN,
            "justifyContent": "center",
            "marginBottom": "1.5%",
            "minHeight": 100,
            "minWidth": 610,
            "padding": 20,
          }
        }
        underlineColorAndroid="transparent"
        value=""
      />
    </View>
    <View
      accessibilityIgnoresInvertColors={true}
      style={
        Object {
          "alignItems": "center",
          "color": undefined,
          "fontSize": NaN,
          "justifyContent": "center",
          "marginBottom": 15,
          "minHeight": 100,
          "minWidth": 610,
        }
      }
    >
      <Image
        source={
          Object {
            "uri": "login_username_input_field_asset.png",
          }
        }
        style={
          Array [
            Object {
              "bottom": 0,
              "left": 0,
              "position": "absolute",
              "right": 0,
              "top": 0,
            },
            Object {
              "height": undefined,
              "width": undefined,
            },
            undefined,
          ]
        }
      />
      <TextInput
        allowFontScaling={true}
        onChangeText={[Function]}
        onFocus={[Function]}
        placeholder=""
        rejectResponderTermination={true}
        secureTextEntry={true}
        style={
          Object {
            "alignItems": "center",
            "color": undefined,
            "fontSize": NaN,
            "justifyContent": "center",
            "marginBottom": 0,
            "minHeight": 100,
            "minWidth": 610,
            "padding": 20,
          }
        }
        underlineColorAndroid="transparent"
        value=""
      />
    </View>
  </View>
  <View
    style={
      Object {
        "alignItems": "center",
        "justifyContent": "center",
        "marginBottom": "7%",
        "minHeight": "6%",
        "minWidth": "31.8%",
      }
    }
  >
    <View
      groupId={null}
      itemId={null}
      onLayout={[Function]}
      onPress={[Function]}
      onViewBlur={[Function]}
      onViewFocus={[Function]}
      onViewPress={[Function]}
    >
      <View
        accessibilityIgnoresInvertColors={true}
        style={
          Object {
            "alignItems": "center",
            "justifyContent": "center",
            "marginBottom": "1.5%",
            "minHeight": 100,
            "minWidth": 610,
          }
        }
      >
        <Image
          source={
            Object {
              "uri": "login_action_button_asset.png",
            }
          }
          style={
            Array [
              Object {
                "bottom": 0,
                "left": 0,
                "position": "absolute",
                "right": 0,
                "top": 0,
              },
              Object {
                "height": undefined,
                "width": undefined,
              },
              undefined,
            ]
          }
        />
        <Text
          adjustsFontSizeToFit={true}
          style={
            Object {
              "color": undefined,
              "fontSize": NaN,
            }
          }
        >
          
        </Text>
      </View>
    </View>
    <View
      style={
        Object {
          "marginTop": "8%",
        }
      }
    >
      <Text
        style={
          Object {
            "color": undefined,
            "fontSize": NaN,
          }
        }
      >
        
      </Text>
    </View>
  </View>
</RCTSafeAreaView>
`;
