// Jest Snapshot v1, https://goo.gl/fbAQLP

exports[`QRCode renders correctly 1`] = `
<Image
  resizeMode="contain"
  source={
    Object {
      "uri": "",
    }
  }
  style={
    Object {
      "height": 340,
      "width": 340,
    }
  }
/>
`;
